Resolving dependencies...
Downloading packages...
  archive 3.6.1 (4.0.9 available)
  file_picker 8.3.7 (11.0.2 available)
  flutter_lints 5.0.0 (6.0.0 available)
  flutter_markdown 0.7.7+1 (discontinued replaced by flutter_markdown_plus)
  image 3.3.0 (4.8.0 available)
  intl 0.19.0 (0.20.2 available)
  lints 5.1.1 (6.1.0 available)
  matcher 0.12.19 (0.12.20 available)
  meta 1.17.0 (1.18.2 available)
  native_toolchain_c 0.17.6 (0.18.0 available)
  syncfusion_flutter_core 27.2.5 (33.2.4 available)
  syncfusion_flutter_pdf 27.2.5 (33.2.4 available)
  test_api 0.7.10 (0.7.12 available)
  vector_math 2.2.0 (2.3.0 available)
  win32 5.15.0 (6.1.0 available)
  xml 6.6.1 (7.0.1 available)
Got dependencies!
1 package is discontinued.
15 packages have newer versions incompatible with dependency constraints.
Try `flutter pub outdated` for more information.
00:00 +0: loading C:/dev/local_ai_chat/test/screens/health_screen_test.dart
00:00 +0: renders AppBar title
00:01 +1: shows empty state when no records
00:01 +2: renders AI Consultant button
00:01 +3: renders trend charts when data exists
══╡ EXCEPTION CAUGHT BY RENDERING LIBRARY ╞═════════════════════════════════════════════════════════
The following assertion was thrown during layout:
A RenderFlex overflowed by 114 pixels on the bottom.

The relevant error-causing widget was:
  Column Column:file:///C:/dev/local_ai_chat/lib/screens/health_screen.dart:80:13

The overflowing RenderFlex has an orientation of Axis.vertical.
The edge of the RenderFlex that is overflowing has been marked in the rendering with a yellow and
black striped pattern. This is usually caused by the contents being too big for the RenderFlex.
Consider applying a flex factor (e.g. using an Expanded widget) to force the children of the
RenderFlex to fit within the available space instead of being sized to their natural size.
This is considered an error condition because it indicates that there is content that cannot be
seen. If the content is legitimately bigger than the available space, consider clipping it with a
ClipRect widget before putting it in the flex, or using a scrollable container rather than a Flex,
like a ListView.
The specific RenderFlex in question is: RenderFlex#5462e relayoutBoundary=up1 OVERFLOWING:
  needs compositing
  creator: Column ← KeyedSubtree-[GlobalKey#7f087] ← _BodyBuilder ← MediaQuery ←
    LayoutId-[<_ScaffoldSlot.body>] ← CustomMultiChildLayout ← _ActionsScope ← Actions ←
    AnimatedBuilder ← DefaultTextStyle ← AnimatedDefaultTextStyle ← _InkFeatures-[GlobalKey#8dd66 ink
    renderer] ← ⋯
  parentData: offset=Offset(0.0, 56.0); id=_ScaffoldSlot.body (can use size)
  constraints: BoxConstraints(0.0<=w<=800.0, 0.0<=h<=544.0)
  size: Size(800.0, 544.0)
  direction: vertical
  mainAxisAlignment: start
  mainAxisSize: max
  crossAxisAlignment: center
  verticalDirection: down
  spacing: 0.0
◢◤◢◤◢◤◢◤◢◤◢◤◢◤◢◤◢◤◢◤◢◤◢◤◢◤◢◤◢◤◢◤◢◤◢◤◢◤◢◤◢◤◢◤◢◤◢◤◢◤◢◤◢◤◢◤◢◤◢◤◢◤◢◤◢◤◢◤◢◤◢◤◢◤◢◤◢◤◢◤◢◤◢◤◢◤◢◤◢◤◢◤◢◤◢◤◢◤◢◤
════════════════════════════════════════════════════════════════════════════════════════════════════
══╡ EXCEPTION CAUGHT BY FLUTTER TEST FRAMEWORK ╞════════════════════════════════════════════════════
The following TestFailure was thrown running a test:
Expected: exactly one matching candidate
  Actual: _TextWidgetFinder:<Found 2 widgets with text "步數": [
            Text("步數", inherit: true, color: Color(alpha: 0.6000, red: 0.0000, green: 0.0000, blue:
0.0000, colorSpace: ColorSpace.sRGB), dependencies: [DefaultSelectionStyle, DefaultTextStyle,
MediaQuery]),
            Text("步數", inherit: true, size: 12.0, dependencies: [DefaultSelectionStyle,
DefaultTextStyle, MediaQuery]),
          ]>
   Which: is too many

When the exception was thrown, this was the stack:
#4      main.<anonymous closure> (file:///C:/dev/local_ai_chat/test/screens/health_screen_test.dart:63:5)
<asynchronous suspension>
#5      testWidgets.<anonymous closure>.<anonymous closure> (package:flutter_test/src/widget_tester.dart:192:15)
<asynchronous suspension>
#6      TestWidgetsFlutterBinding._runTestBody (package:flutter_test/src/binding.dart:1682:5)
<asynchronous suspension>
<asynchronous suspension>
(elided one frame from package:stack_trace)

This was caught by the test expectation on the following line:
  file:///C:/dev/local_ai_chat/test/screens/health_screen_test.dart line 63
The test description was:
  renders trend charts when data exists
════════════════════════════════════════════════════════════════════════════════════════════════════
══╡ EXCEPTION CAUGHT BY FLUTTER TEST FRAMEWORK ╞════════════════════════════════════════════════════
The following message was thrown:
Multiple exceptions (2) were detected during the running of the current test, and at least one was
unexpected.
════════════════════════════════════════════════════════════════════════════════════════════════════
00:02 +3 -1: renders trend charts when data exists [E]
  Test failed. See exception logs above.
  The test description was: renders trend charts when data exists
  
00:02 +3 -1: Some tests failed.
